Archive member included because of file (symbol)

../test_monspoc_bsp/\libhal_bsp.a(alt_load.o)
                              ../test_monspoc_bsp//obj/HAL/src/crt0.o (alt_load)
../test_monspoc_bsp/\libhal_bsp.a(alt_main.o)
                              ../test_monspoc_bsp//obj/HAL/src/crt0.o (alt_main)
../test_monspoc_bsp/\libhal_bsp.a(alt_printf.o)
                              obj/default/hello_world_small.o (alt_printf)
../test_monspoc_bsp/\libhal_bsp.a(alt_putchar.o)
                              ../test_monspoc_bsp/\libhal_bsp.a(alt_printf.o) (alt_putchar)
../test_monspoc_bsp/\libhal_bsp.a(alt_usleep.o)
                              obj/default/hello_world_small.o (usleep)
../test_monspoc_bsp/\libhal_bsp.a(alt_sys_init.o)
                              ../test_monspoc_bsp/\libhal_bsp.a(alt_main.o) (alt_sys_init)
../test_monspoc_bsp/\libhal_bsp.a(altera_avalon_jtag_uart_write.o)
                              ../test_monspoc_bsp/\libhal_bsp.a(alt_putchar.o) (altera_avalon_jtag_uart_write)
../test_monspoc_bsp/\libhal_bsp.a(alt_busy_sleep.o)
                              ../test_monspoc_bsp/\libhal_bsp.a(alt_usleep.o) (alt_busy_sleep)
../test_monspoc_bsp/\libhal_bsp.a(alt_dcache_flush_all.o)
                              ../test_monspoc_bsp/\libhal_bsp.a(alt_load.o) (alt_dcache_flush_all)
../test_monspoc_bsp/\libhal_bsp.a(alt_icache_flush_all.o)
                              ../test_monspoc_bsp/\libhal_bsp.a(alt_load.o) (alt_icache_flush_all)
../test_monspoc_bsp/\libhal_bsp.a(altera_nios2_irq.o)
                              ../test_monspoc_bsp/\libhal_bsp.a(alt_sys_init.o) (altera_nios2_irq_init)
c:/altera/11.1sp2/nios2eds/bin/gnu/h-i686-mingw32/bin/../lib/gcc/nios2-elf/4.1.2/mno-hw-mul\libgcc.a(lib2-divmod.o)
                              ../test_monspoc_bsp/\libhal_bsp.a(alt_busy_sleep.o) (__udivsi3)
c:/altera/11.1sp2/nios2eds/bin/gnu/h-i686-mingw32/bin/../lib/gcc/nios2-elf/4.1.2/mno-hw-mul\libgcc.a(lib2-mul.o)
                              ../test_monspoc_bsp/\libhal_bsp.a(alt_busy_sleep.o) (__mulsi3)

Memory Configuration

Name             Origin             Length             Attributes
reset            0x00008000         0x00000020
onchip_memory2_0 0x00008020         0x00004fe0
*default*        0x00000000         0xffffffff

Linker script and memory map

LOAD ../test_monspoc_bsp//obj/HAL/src/crt0.o
                0x0000800c                exit = _exit
LOAD obj/default/hello_world_small.o
LOAD c:/altera/11.1sp2/nios2eds/bin/gnu/h-i686-mingw32/bin/../lib/gcc/nios2-elf/4.1.2/../../../../nios2-elf/lib/mno-hw-mul\libstdc++.a
LOAD c:/altera/11.1sp2/nios2eds/bin/gnu/h-i686-mingw32/bin/../lib/gcc/nios2-elf/4.1.2/../../../../nios2-elf/lib/mno-hw-mul\libm.a
LOAD c:/altera/11.1sp2/nios2eds/bin/gnu/h-i686-mingw32/bin/../lib/gcc/nios2-elf/4.1.2/mno-hw-mul\libgcc.a
START GROUP
LOAD c:/altera/11.1sp2/nios2eds/bin/gnu/h-i686-mingw32/bin/../lib/gcc/nios2-elf/4.1.2/../../../../nios2-elf/lib/mno-hw-mul\libsmallc.a
LOAD c:/altera/11.1sp2/nios2eds/bin/gnu/h-i686-mingw32/bin/../lib/gcc/nios2-elf/4.1.2/mno-hw-mul\libgcc.a
LOAD ../test_monspoc_bsp/\libhal_bsp.a
END GROUP
LOAD c:/altera/11.1sp2/nios2eds/bin/gnu/h-i686-mingw32/bin/../lib/gcc/nios2-elf/4.1.2/mno-hw-mul\libgcc.a
                0x00008000                __alt_mem_onchip_memory2_0 = 0x8000

.entry          0x00008000       0x20
 *(.entry)
 .entry         0x00008000       0x20 ../test_monspoc_bsp//obj/HAL/src/crt0.o
                0x00008000                __reset
                0x0000800c                _exit

.exceptions     0x00008020        0x0
                0x00008020                PROVIDE (__ram_exceptions_start, ABSOLUTE (.))
                0x00008020                . = ALIGN (0x20)
 *(.irq)
 *(.exceptions.entry.label)
 *(.exceptions.entry.user)
 *(.exceptions.entry)
 *(.exceptions.irqtest.user)
 *(.exceptions.irqtest)
 *(.exceptions.irqhandler.user)
 *(.exceptions.irqhandler)
 *(.exceptions.irqreturn.user)
 *(.exceptions.irqreturn)
 *(.exceptions.notirq.label)
 *(.exceptions.notirq.user)
 *(.exceptions.notirq)
 *(.exceptions.soft.user)
 *(.exceptions.soft)
 *(.exceptions.unknown.user)
 *(.exceptions.unknown)
 *(.exceptions.exit.label)
 *(.exceptions.exit.user)
 *(.exceptions.exit)
 *(.exceptions)
                0x00008020                PROVIDE (__ram_exceptions_end, ABSOLUTE (.))
                0x00008020                PROVIDE (__flash_exceptions_start, LOADADDR (.exceptions))

.text           0x00008020      0x5a4
                0x00008020                PROVIDE (stext, ABSOLUTE (.))
 *(.interp)
 *(.hash)
 *(.dynsym)
 *(.dynstr)
 *(.gnu.version)
 *(.gnu.version_d)
 *(.gnu.version_r)
 *(.rel.init)
 *(.rela.init)
 *(.rel.text .rel.text.* .rel.gnu.linkonce.t.*)
 *(.rela.text .rela.text.* .rela.gnu.linkonce.t.*)
 *(.rel.fini)
 *(.rela.fini)
 *(.rel.rodata .rel.rodata.* .rel.gnu.linkonce.r.*)
 *(.rela.rodata .rela.rodata.* .rela.gnu.linkonce.r.*)
 *(.rel.data .rel.data.* .rel.gnu.linkonce.d.*)
 *(.rela.data .rela.data.* .rela.gnu.linkonce.d.*)
 *(.rel.tdata .rel.tdata.* .rel.gnu.linkonce.td.*)
 *(.rela.tdata .rela.tdata.* .rela.gnu.linkonce.td.*)
 *(.rel.tbss .rel.tbss.* .rel.gnu.linkonce.tb.*)
 *(.rela.tbss .rela.tbss.* .rela.gnu.linkonce.tb.*)
 *(.rel.ctors)
 *(.rela.ctors)
 *(.rel.dtors)
 *(.rela.dtors)
 *(.rel.got)
 *(.rela.got)
 *(.rel.sdata .rel.sdata.* .rel.gnu.linkonce.s.*)
 *(.rela.sdata .rela.sdata.* .rela.gnu.linkonce.s.*)
 *(.rel.sbss .rel.sbss.* .rel.gnu.linkonce.sb.*)
 *(.rela.sbss .rela.sbss.* .rela.gnu.linkonce.sb.*)
 *(.rel.sdata2 .rel.sdata2.* .rel.gnu.linkonce.s2.*)
 *(.rela.sdata2 .rela.sdata2.* .rela.gnu.linkonce.s2.*)
 *(.rel.sbss2 .rel.sbss2.* .rel.gnu.linkonce.sb2.*)
 *(.rela.sbss2 .rela.sbss2.* .rela.gnu.linkonce.sb2.*)
 *(.rel.bss .rel.bss.* .rel.gnu.linkonce.b.*)
 *(.rela.bss .rela.bss.* .rela.gnu.linkonce.b.*)
 *(.rel.plt)
 *(.rela.plt)
 *(.rel.dyn)
 *(.init)
 *(.plt)
 *(.text .stub .text.* .gnu.linkonce.t.*)
 .text          0x00008020       0x3c ../test_monspoc_bsp//obj/HAL/src/crt0.o
                0x00008020                _start
 .text          0x0000805c       0xa0 obj/default/hello_world_small.o
                0x0000805c                main
 .text          0x000080fc       0x8c ../test_monspoc_bsp/\libhal_bsp.a(alt_load.o)
                0x0000811c                alt_load
 .text          0x00008188       0x2c ../test_monspoc_bsp/\libhal_bsp.a(alt_main.o)
                0x00008188                alt_main
 .text          0x000081b4      0x144 ../test_monspoc_bsp/\libhal_bsp.a(alt_printf.o)
                0x000081b4                alt_printf
 .text          0x000082f8       0x50 ../test_monspoc_bsp/\libhal_bsp.a(alt_putchar.o)
                0x000082f8                alt_putchar
 .text          0x00008348        0x4 ../test_monspoc_bsp/\libhal_bsp.a(alt_usleep.o)
                0x00008348                usleep
 .text          0x0000834c       0x24 ../test_monspoc_bsp/\libhal_bsp.a(alt_sys_init.o)
                0x0000834c                alt_sys_init
                0x00008350                alt_irq_init
 .text          0x00008370       0x34 ../test_monspoc_bsp/\libhal_bsp.a(altera_avalon_jtag_uart_write.o)
                0x00008370                altera_avalon_jtag_uart_write
 .text          0x000083a4       0x8c ../test_monspoc_bsp/\libhal_bsp.a(alt_busy_sleep.o)
                0x000083a4                alt_busy_sleep
 .text          0x00008430        0x4 ../test_monspoc_bsp/\libhal_bsp.a(alt_dcache_flush_all.o)
                0x00008430                alt_dcache_flush_all
 .text          0x00008434        0x4 ../test_monspoc_bsp/\libhal_bsp.a(alt_icache_flush_all.o)
                0x00008434                alt_icache_flush_all
 .text          0x00008438        0x8 ../test_monspoc_bsp/\libhal_bsp.a(altera_nios2_irq.o)
                0x00008438                altera_nios2_irq_init
 .text          0x00008440      0x14c c:/altera/11.1sp2/nios2eds/bin/gnu/h-i686-mingw32/bin/../lib/gcc/nios2-elf/4.1.2/mno-hw-mul\libgcc.a(lib2-divmod.o)
                0x000084bc                __divsi3
                0x0000851c                __modsi3
                0x0000857c                __udivsi3
                0x00008584                __umodsi3
 .text          0x0000858c       0x38 c:/altera/11.1sp2/nios2eds/bin/gnu/h-i686-mingw32/bin/../lib/gcc/nios2-elf/4.1.2/mno-hw-mul\libgcc.a(lib2-mul.o)
                0x0000858c                __mulsi3
 *(.gnu.warning.*)
 *(.fini)
                0x000085c4                PROVIDE (__etext, ABSOLUTE (.))
                0x000085c4                PROVIDE (_etext, ABSOLUTE (.))
                0x000085c4                PROVIDE (etext, ABSOLUTE (.))
 *(.eh_frame_hdr)
                0x000085c4                . = ALIGN (0x4)
                0x000085c4                PROVIDE (__preinit_array_start, ABSOLUTE (.))
 *(.preinit_array)
                0x000085c4                PROVIDE (__preinit_array_end, ABSOLUTE (.))
                0x000085c4                PROVIDE (__init_array_start, ABSOLUTE (.))
 *(.init_array)
                0x000085c4                PROVIDE (__init_array_end, ABSOLUTE (.))
                0x000085c4                PROVIDE (__fini_array_start, ABSOLUTE (.))
 *(.fini_array)
                0x000085c4                PROVIDE (__fini_array_end, ABSOLUTE (.))
 *(.eh_frame)
 *(.gcc_except_table)
 *(.dynamic)
                0x000085c4                PROVIDE (__CTOR_LIST__, ABSOLUTE (.))
 *(.ctors)
 *(SORT(.ctors.*))
                0x000085c4                PROVIDE (__CTOR_END__, ABSOLUTE (.))
                0x000085c4                PROVIDE (__DTOR_LIST__, ABSOLUTE (.))
 *(.dtors)
 *(SORT(.dtors.*))
                0x000085c4                PROVIDE (__DTOR_END__, ABSOLUTE (.))
 *(.jcr)
                0x000085c4                . = ALIGN (0x4)

.rodata         0x000085c4       0x44
                0x000085c4                PROVIDE (__ram_rodata_start, ABSOLUTE (.))
                0x000085c4                . = ALIGN (0x4)
 *(.rodata .rodata.* .gnu.linkonce.r.*)
 .rodata.str1.4
                0x000085c4       0x44 obj/default/hello_world_small.o
 *(.rodata1)
                0x00008608                . = ALIGN (0x4)
                0x00008608                PROVIDE (__ram_rodata_end, ABSOLUTE (.))
                0x000085c4                PROVIDE (__flash_rodata_start, LOADADDR (.rodata))

.rwdata         0x00008608        0x4 load address 0x0000860c
                0x00008608                PROVIDE (__ram_rwdata_start, ABSOLUTE (.))
                0x00008608                . = ALIGN (0x4)
 *(.got.plt)
 *(.got)
 *(.data1)
 *(.data .data.* .gnu.linkonce.d.*)
 .data          0x00008608        0x0 ../test_monspoc_bsp//obj/HAL/src/crt0.o
 .data          0x00008608        0x0 obj/default/hello_world_small.o
 .data          0x00008608        0x0 ../test_monspoc_bsp/\libhal_bsp.a(alt_load.o)
 .data          0x00008608        0x0 ../test_monspoc_bsp/\libhal_bsp.a(alt_main.o)
 .data          0x00008608        0x0 ../test_monspoc_bsp/\libhal_bsp.a(alt_printf.o)
 .data          0x00008608        0x0 ../test_monspoc_bsp/\libhal_bsp.a(alt_putchar.o)
 .data          0x00008608        0x0 ../test_monspoc_bsp/\libhal_bsp.a(alt_usleep.o)
 .data          0x00008608        0x0 ../test_monspoc_bsp/\libhal_bsp.a(alt_sys_init.o)
 .data          0x00008608        0x0 ../test_monspoc_bsp/\libhal_bsp.a(altera_avalon_jtag_uart_write.o)
 .data          0x00008608        0x0 ../test_monspoc_bsp/\libhal_bsp.a(alt_busy_sleep.o)
 .data          0x00008608        0x0 ../test_monspoc_bsp/\libhal_bsp.a(alt_dcache_flush_all.o)
 .data          0x00008608        0x0 ../test_monspoc_bsp/\libhal_bsp.a(alt_icache_flush_all.o)
 .data          0x00008608        0x0 ../test_monspoc_bsp/\libhal_bsp.a(altera_nios2_irq.o)
 .data          0x00008608        0x0 c:/altera/11.1sp2/nios2eds/bin/gnu/h-i686-mingw32/bin/../lib/gcc/nios2-elf/4.1.2/mno-hw-mul\libgcc.a(lib2-divmod.o)
 .data          0x00008608        0x0 c:/altera/11.1sp2/nios2eds/bin/gnu/h-i686-mingw32/bin/../lib/gcc/nios2-elf/4.1.2/mno-hw-mul\libgcc.a(lib2-mul.o)
                0x00010608                _gp = ABSOLUTE ((. + 0x8000))
                0x00010608                PROVIDE (gp, _gp)
 *(.rwdata .rwdata.*)
 *(.sdata .sdata.* .gnu.linkonce.s.*)
 .sdata         0x00008608        0x4 ../test_monspoc_bsp/\libhal_bsp.a(alt_sys_init.o)
                0x00008608                jtag_uart_0
 *(.sdata2 .sdata2.* .gnu.linkonce.s2.*)
                0x0000860c                . = ALIGN (0x4)
                0x0000860c                _edata = ABSOLUTE (.)
                0x0000860c                PROVIDE (edata, ABSOLUTE (.))
                0x0000860c                PROVIDE (__ram_rwdata_end, ABSOLUTE (.))
                0x0000860c                PROVIDE (__flash_rwdata_start, LOADADDR (.rwdata))

.bss            0x00008610        0xc
                0x00008610                __bss_start = ABSOLUTE (.)
                0x00008610                PROVIDE (__sbss_start, ABSOLUTE (.))
                0x00008610                PROVIDE (___sbss_start, ABSOLUTE (.))
 *(.dynsbss)
 *(.sbss .sbss.* .gnu.linkonce.sb.*)
 .sbss          0x00008610        0xc ../test_monspoc_bsp/\libhal_bsp.a(alt_main.o)
                0x00008610                alt_argc
                0x00008614                alt_argv
                0x00008618                alt_envp
 *(.sbss2 .sbss2.* .gnu.linkonce.sb2.*)
 *(.scommon)
                0x0000861c                PROVIDE (__sbss_end, ABSOLUTE (.))
                0x0000861c                PROVIDE (___sbss_end, ABSOLUTE (.))
 *(.dynbss)
 *(.bss .bss.* .gnu.linkonce.b.*)
 .bss           0x0000861c        0x0 ../test_monspoc_bsp//obj/HAL/src/crt0.o
 .bss           0x0000861c        0x0 obj/default/hello_world_small.o
 .bss           0x0000861c        0x0 ../test_monspoc_bsp/\libhal_bsp.a(alt_load.o)
 .bss           0x0000861c        0x0 ../test_monspoc_bsp/\libhal_bsp.a(alt_main.o)
 .bss           0x0000861c        0x0 ../test_monspoc_bsp/\libhal_bsp.a(alt_printf.o)
 .bss           0x0000861c        0x0 ../test_monspoc_bsp/\libhal_bsp.a(alt_putchar.o)
 .bss           0x0000861c        0x0 ../test_monspoc_bsp/\libhal_bsp.a(alt_usleep.o)
 .bss           0x0000861c        0x0 ../test_monspoc_bsp/\libhal_bsp.a(alt_sys_init.o)
 .bss           0x0000861c        0x0 ../test_monspoc_bsp/\libhal_bsp.a(altera_avalon_jtag_uart_write.o)
 .bss           0x0000861c        0x0 ../test_monspoc_bsp/\libhal_bsp.a(alt_busy_sleep.o)
 .bss           0x0000861c        0x0 ../test_monspoc_bsp/\libhal_bsp.a(alt_dcache_flush_all.o)
 .bss           0x0000861c        0x0 ../test_monspoc_bsp/\libhal_bsp.a(alt_icache_flush_all.o)
 .bss           0x0000861c        0x0 ../test_monspoc_bsp/\libhal_bsp.a(altera_nios2_irq.o)
 .bss           0x0000861c        0x0 c:/altera/11.1sp2/nios2eds/bin/gnu/h-i686-mingw32/bin/../lib/gcc/nios2-elf/4.1.2/mno-hw-mul\libgcc.a(lib2-divmod.o)
 .bss           0x0000861c        0x0 c:/altera/11.1sp2/nios2eds/bin/gnu/h-i686-mingw32/bin/../lib/gcc/nios2-elf/4.1.2/mno-hw-mul\libgcc.a(lib2-mul.o)
 *(COMMON)
                0x0000861c                . = ALIGN (0x4)
                0x0000861c                __bss_end = ABSOLUTE (.)

.onchip_memory2_0
                0x0000861c        0x0
                0x0000861c                PROVIDE (_alt_partition_onchip_memory2_0_start, ABSOLUTE (.))
 *(.onchip_memory2_0. onchip_memory2_0.*)
                0x0000861c                . = ALIGN (0x4)
                0x0000861c                PROVIDE (_alt_partition_onchip_memory2_0_end, ABSOLUTE (.))
                0x0000861c                _end = ABSOLUTE (.)
                0x0000861c                end = ABSOLUTE (.)
                0x0000861c                __alt_stack_base = ABSOLUTE (.)
                0x0000861c                PROVIDE (_alt_partition_onchip_memory2_0_load_addr, LOADADDR (.onchip_memory2_0))

.stab
 *(.stab)

.stabstr
 *(.stabstr)

.stab.excl
 *(.stab.excl)

.stab.exclstr
 *(.stab.exclstr)

.stab.index
 *(.stab.index)

.stab.indexstr
 *(.stab.indexstr)

.comment        0x00000000       0x26
 *(.comment)
 .comment       0x00000000       0x26 obj/default/hello_world_small.o
                                 0x27 (size before relaxing)
 .comment       0x00000000       0x27 ../test_monspoc_bsp/\libhal_bsp.a(alt_load.o)
 .comment       0x00000000       0x27 ../test_monspoc_bsp/\libhal_bsp.a(alt_main.o)
 .comment       0x00000000       0x27 ../test_monspoc_bsp/\libhal_bsp.a(alt_printf.o)
 .comment       0x00000000       0x27 ../test_monspoc_bsp/\libhal_bsp.a(alt_putchar.o)
 .comment       0x00000000       0x27 ../test_monspoc_bsp/\libhal_bsp.a(alt_usleep.o)
 .comment       0x00000000       0x27 ../test_monspoc_bsp/\libhal_bsp.a(alt_sys_init.o)
 .comment       0x00000000       0x27 ../test_monspoc_bsp/\libhal_bsp.a(altera_avalon_jtag_uart_write.o)
 .comment       0x00000000       0x27 ../test_monspoc_bsp/\libhal_bsp.a(alt_busy_sleep.o)
 .comment       0x00000000       0x27 ../test_monspoc_bsp/\libhal_bsp.a(alt_dcache_flush_all.o)
 .comment       0x00000000       0x27 ../test_monspoc_bsp/\libhal_bsp.a(alt_icache_flush_all.o)
 .comment       0x00000000       0x27 ../test_monspoc_bsp/\libhal_bsp.a(altera_nios2_irq.o)
 .comment       0x00000000       0x27 c:/altera/11.1sp2/nios2eds/bin/gnu/h-i686-mingw32/bin/../lib/gcc/nios2-elf/4.1.2/mno-hw-mul\libgcc.a(lib2-divmod.o)
 .comment       0x00000000       0x27 c:/altera/11.1sp2/nios2eds/bin/gnu/h-i686-mingw32/bin/../lib/gcc/nios2-elf/4.1.2/mno-hw-mul\libgcc.a(lib2-mul.o)

.debug
 *(.debug)

.line
 *(.line)

.debug_srcinfo
 *(.debug_srcinfo)

.debug_sfnames
 *(.debug_sfnames)

.debug_aranges  0x00000000      0x1e8
 *(.debug_aranges)
 .debug_aranges
                0x00000000       0x28 ../test_monspoc_bsp//obj/HAL/src/crt0.o
 .debug_aranges
                0x00000028       0x20 obj/default/hello_world_small.o
 .debug_aranges
                0x00000048       0x20 ../test_monspoc_bsp/\libhal_bsp.a(alt_load.o)
 .debug_aranges
                0x00000068       0x20 ../test_monspoc_bsp/\libhal_bsp.a(alt_main.o)
 .debug_aranges
                0x00000088       0x20 ../test_monspoc_bsp/\libhal_bsp.a(alt_printf.o)
 .debug_aranges
                0x000000a8       0x20 ../test_monspoc_bsp/\libhal_bsp.a(alt_putchar.o)
 .debug_aranges
                0x000000c8       0x20 ../test_monspoc_bsp/\libhal_bsp.a(alt_usleep.o)
 .debug_aranges
                0x000000e8       0x20 ../test_monspoc_bsp/\libhal_bsp.a(alt_sys_init.o)
 .debug_aranges
                0x00000108       0x20 ../test_monspoc_bsp/\libhal_bsp.a(altera_avalon_jtag_uart_write.o)
 .debug_aranges
                0x00000128       0x20 ../test_monspoc_bsp/\libhal_bsp.a(alt_busy_sleep.o)
 .debug_aranges
                0x00000148       0x20 ../test_monspoc_bsp/\libhal_bsp.a(alt_dcache_flush_all.o)
 .debug_aranges
                0x00000168       0x20 ../test_monspoc_bsp/\libhal_bsp.a(alt_icache_flush_all.o)
 .debug_aranges
                0x00000188       0x20 ../test_monspoc_bsp/\libhal_bsp.a(altera_nios2_irq.o)
 .debug_aranges
                0x000001a8       0x20 c:/altera/11.1sp2/nios2eds/bin/gnu/h-i686-mingw32/bin/../lib/gcc/nios2-elf/4.1.2/mno-hw-mul\libgcc.a(lib2-divmod.o)
 .debug_aranges
                0x000001c8       0x20 c:/altera/11.1sp2/nios2eds/bin/gnu/h-i686-mingw32/bin/../lib/gcc/nios2-elf/4.1.2/mno-hw-mul\libgcc.a(lib2-mul.o)

.debug_pubnames
                0x00000000      0x266
 *(.debug_pubnames)
 .debug_pubnames
                0x00000000       0x1b obj/default/hello_world_small.o
 .debug_pubnames
                0x0000001b       0x1f ../test_monspoc_bsp/\libhal_bsp.a(alt_load.o)
 .debug_pubnames
                0x0000003a       0x46 ../test_monspoc_bsp/\libhal_bsp.a(alt_main.o)
 .debug_pubnames
                0x00000080       0x21 ../test_monspoc_bsp/\libhal_bsp.a(alt_printf.o)
 .debug_pubnames
                0x000000a1       0x22 ../test_monspoc_bsp/\libhal_bsp.a(alt_putchar.o)
 .debug_pubnames
                0x000000c3       0x1d ../test_monspoc_bsp/\libhal_bsp.a(alt_usleep.o)
 .debug_pubnames
                0x000000e0       0x44 ../test_monspoc_bsp/\libhal_bsp.a(alt_sys_init.o)
 .debug_pubnames
                0x00000124       0x34 ../test_monspoc_bsp/\libhal_bsp.a(altera_avalon_jtag_uart_write.o)
 .debug_pubnames
                0x00000158       0x25 ../test_monspoc_bsp/\libhal_bsp.a(alt_busy_sleep.o)
 .debug_pubnames
                0x0000017d       0x2b ../test_monspoc_bsp/\libhal_bsp.a(alt_dcache_flush_all.o)
 .debug_pubnames
                0x000001a8       0x2b ../test_monspoc_bsp/\libhal_bsp.a(alt_icache_flush_all.o)
 .debug_pubnames
                0x000001d3       0x2c ../test_monspoc_bsp/\libhal_bsp.a(altera_nios2_irq.o)
 .debug_pubnames
                0x000001ff       0x48 c:/altera/11.1sp2/nios2eds/bin/gnu/h-i686-mingw32/bin/../lib/gcc/nios2-elf/4.1.2/mno-hw-mul\libgcc.a(lib2-divmod.o)
 .debug_pubnames
                0x00000247       0x1f c:/altera/11.1sp2/nios2eds/bin/gnu/h-i686-mingw32/bin/../lib/gcc/nios2-elf/4.1.2/mno-hw-mul\libgcc.a(lib2-mul.o)

.debug_info     0x00000000      0xe85
 *(.debug_info .gnu.linkonce.wi.*)
 .debug_info    0x00000000       0x66 ../test_monspoc_bsp//obj/HAL/src/crt0.o
 .debug_info    0x00000066       0xad obj/default/hello_world_small.o
 .debug_info    0x00000113      0x12e ../test_monspoc_bsp/\libhal_bsp.a(alt_load.o)
 .debug_info    0x00000241      0x125 ../test_monspoc_bsp/\libhal_bsp.a(alt_main.o)
 .debug_info    0x00000366      0x11d ../test_monspoc_bsp/\libhal_bsp.a(alt_printf.o)
 .debug_info    0x00000483       0xc5 ../test_monspoc_bsp/\libhal_bsp.a(alt_putchar.o)
 .debug_info    0x00000548       0xab ../test_monspoc_bsp/\libhal_bsp.a(alt_usleep.o)
 .debug_info    0x000005f3      0x17d ../test_monspoc_bsp/\libhal_bsp.a(alt_sys_init.o)
 .debug_info    0x00000770      0x18f ../test_monspoc_bsp/\libhal_bsp.a(altera_avalon_jtag_uart_write.o)
 .debug_info    0x000008ff       0xd0 ../test_monspoc_bsp/\libhal_bsp.a(alt_busy_sleep.o)
 .debug_info    0x000009cf       0x8d ../test_monspoc_bsp/\libhal_bsp.a(alt_dcache_flush_all.o)
 .debug_info    0x00000a5c       0x8d ../test_monspoc_bsp/\libhal_bsp.a(alt_icache_flush_all.o)
 .debug_info    0x00000ae9       0x8d ../test_monspoc_bsp/\libhal_bsp.a(altera_nios2_irq.o)
 .debug_info    0x00000b76      0x21c c:/altera/11.1sp2/nios2eds/bin/gnu/h-i686-mingw32/bin/../lib/gcc/nios2-elf/4.1.2/mno-hw-mul\libgcc.a(lib2-divmod.o)
 .debug_info    0x00000d92       0xf3 c:/altera/11.1sp2/nios2eds/bin/gnu/h-i686-mingw32/bin/../lib/gcc/nios2-elf/4.1.2/mno-hw-mul\libgcc.a(lib2-mul.o)

.debug_abbrev   0x00000000      0x7af
 *(.debug_abbrev)
 .debug_abbrev  0x00000000       0x12 ../test_monspoc_bsp//obj/HAL/src/crt0.o
 .debug_abbrev  0x00000012       0x5d obj/default/hello_world_small.o
 .debug_abbrev  0x0000006f       0x97 ../test_monspoc_bsp/\libhal_bsp.a(alt_load.o)
 .debug_abbrev  0x00000106       0xa6 ../test_monspoc_bsp/\libhal_bsp.a(alt_main.o)
 .debug_abbrev  0x000001ac       0xc7 ../test_monspoc_bsp/\libhal_bsp.a(alt_printf.o)
 .debug_abbrev  0x00000273       0x7b ../test_monspoc_bsp/\libhal_bsp.a(alt_putchar.o)
 .debug_abbrev  0x000002ee       0x5d ../test_monspoc_bsp/\libhal_bsp.a(alt_usleep.o)
 .debug_abbrev  0x0000034b       0xe3 ../test_monspoc_bsp/\libhal_bsp.a(alt_sys_init.o)
 .debug_abbrev  0x0000042e       0xf0 ../test_monspoc_bsp/\libhal_bsp.a(altera_avalon_jtag_uart_write.o)
 .debug_abbrev  0x0000051e       0x79 ../test_monspoc_bsp/\libhal_bsp.a(alt_busy_sleep.o)
 .debug_abbrev  0x00000597       0x3f ../test_monspoc_bsp/\libhal_bsp.a(alt_dcache_flush_all.o)
 .debug_abbrev  0x000005d6       0x3f ../test_monspoc_bsp/\libhal_bsp.a(alt_icache_flush_all.o)
 .debug_abbrev  0x00000615       0x3f ../test_monspoc_bsp/\libhal_bsp.a(altera_nios2_irq.o)
 .debug_abbrev  0x00000654       0xe0 c:/altera/11.1sp2/nios2eds/bin/gnu/h-i686-mingw32/bin/../lib/gcc/nios2-elf/4.1.2/mno-hw-mul\libgcc.a(lib2-divmod.o)
 .debug_abbrev  0x00000734       0x7b c:/altera/11.1sp2/nios2eds/bin/gnu/h-i686-mingw32/bin/../lib/gcc/nios2-elf/4.1.2/mno-hw-mul\libgcc.a(lib2-mul.o)

.debug_line     0x00000000     0x1e0e
 *(.debug_line)
 .debug_line    0x00000000       0x66 ../test_monspoc_bsp//obj/HAL/src/crt0.o
 .debug_line    0x00000066      0x275 obj/default/hello_world_small.o
 .debug_line    0x000002db      0x217 ../test_monspoc_bsp/\libhal_bsp.a(alt_load.o)
 .debug_line    0x000004f2      0x2c2 ../test_monspoc_bsp/\libhal_bsp.a(alt_main.o)
 .debug_line    0x000007b4      0x1f2 ../test_monspoc_bsp/\libhal_bsp.a(alt_printf.o)
 .debug_line    0x000009a6      0x1f2 ../test_monspoc_bsp/\libhal_bsp.a(alt_putchar.o)
 .debug_line    0x00000b98      0x202 ../test_monspoc_bsp/\libhal_bsp.a(alt_usleep.o)
 .debug_line    0x00000d9a      0x286 ../test_monspoc_bsp/\libhal_bsp.a(alt_sys_init.o)
 .debug_line    0x00001020      0x2f4 ../test_monspoc_bsp/\libhal_bsp.a(altera_avalon_jtag_uart_write.o)
 .debug_line    0x00001314      0x25e ../test_monspoc_bsp/\libhal_bsp.a(alt_busy_sleep.o)
 .debug_line    0x00001572      0x1b5 ../test_monspoc_bsp/\libhal_bsp.a(alt_dcache_flush_all.o)
 .debug_line    0x00001727      0x1b5 ../test_monspoc_bsp/\libhal_bsp.a(alt_icache_flush_all.o)
 .debug_line    0x000018dc      0x1c9 ../test_monspoc_bsp/\libhal_bsp.a(altera_nios2_irq.o)
 .debug_line    0x00001aa5      0x24f c:/altera/11.1sp2/nios2eds/bin/gnu/h-i686-mingw32/bin/../lib/gcc/nios2-elf/4.1.2/mno-hw-mul\libgcc.a(lib2-divmod.o)
 .debug_line    0x00001cf4      0x11a c:/altera/11.1sp2/nios2eds/bin/gnu/h-i686-mingw32/bin/../lib/gcc/nios2-elf/4.1.2/mno-hw-mul\libgcc.a(lib2-mul.o)

.debug_frame    0x00000000      0x274
 *(.debug_frame)
 .debug_frame   0x00000000       0x2c obj/default/hello_world_small.o
 .debug_frame   0x0000002c       0x38 ../test_monspoc_bsp/\libhal_bsp.a(alt_load.o)
 .debug_frame   0x00000064       0x28 ../test_monspoc_bsp/\libhal_bsp.a(alt_main.o)
 .debug_frame   0x0000008c       0x2c ../test_monspoc_bsp/\libhal_bsp.a(alt_printf.o)
 .debug_frame   0x000000b8       0x2c ../test_monspoc_bsp/\libhal_bsp.a(alt_putchar.o)
 .debug_frame   0x000000e4       0x20 ../test_monspoc_bsp/\libhal_bsp.a(alt_usleep.o)
 .debug_frame   0x00000104       0x38 ../test_monspoc_bsp/\libhal_bsp.a(alt_sys_init.o)
 .debug_frame   0x0000013c       0x20 ../test_monspoc_bsp/\libhal_bsp.a(altera_avalon_jtag_uart_write.o)
 .debug_frame   0x0000015c       0x28 ../test_monspoc_bsp/\libhal_bsp.a(alt_busy_sleep.o)
 .debug_frame   0x00000184       0x20 ../test_monspoc_bsp/\libhal_bsp.a(alt_dcache_flush_all.o)
 .debug_frame   0x000001a4       0x20 ../test_monspoc_bsp/\libhal_bsp.a(alt_icache_flush_all.o)
 .debug_frame   0x000001c4       0x20 ../test_monspoc_bsp/\libhal_bsp.a(altera_nios2_irq.o)
 .debug_frame   0x000001e4       0x70 c:/altera/11.1sp2/nios2eds/bin/gnu/h-i686-mingw32/bin/../lib/gcc/nios2-elf/4.1.2/mno-hw-mul\libgcc.a(lib2-divmod.o)
 .debug_frame   0x00000254       0x20 c:/altera/11.1sp2/nios2eds/bin/gnu/h-i686-mingw32/bin/../lib/gcc/nios2-elf/4.1.2/mno-hw-mul\libgcc.a(lib2-mul.o)

.debug_str      0x00000000      0x5f8
 *(.debug_str)
 .debug_str     0x00000000       0xaa obj/default/hello_world_small.o
                                 0xe8 (size before relaxing)
 .debug_str     0x000000aa      0x126 ../test_monspoc_bsp/\libhal_bsp.a(alt_load.o)
                                0x1bb (size before relaxing)
 .debug_str     0x000001d0       0x75 ../test_monspoc_bsp/\libhal_bsp.a(alt_main.o)
                                0x13f (size before relaxing)
 .debug_str     0x00000245       0x46 ../test_monspoc_bsp/\libhal_bsp.a(alt_printf.o)
                                 0xa6 (size before relaxing)
 .debug_str     0x0000028b       0x4e ../test_monspoc_bsp/\libhal_bsp.a(alt_putchar.o)
                                0x118 (size before relaxing)
 .debug_str     0x000002d9       0x27 ../test_monspoc_bsp/\libhal_bsp.a(alt_usleep.o)
                                 0xf1 (size before relaxing)
 .debug_str     0x00000300       0x85 ../test_monspoc_bsp/\libhal_bsp.a(alt_sys_init.o)
                                0x1b4 (size before relaxing)
 .debug_str     0x00000385       0x56 ../test_monspoc_bsp/\libhal_bsp.a(altera_avalon_jtag_uart_write.o)
                                0x1b7 (size before relaxing)
 .debug_str     0x000003db       0x42 ../test_monspoc_bsp/\libhal_bsp.a(alt_busy_sleep.o)
                                0x114 (size before relaxing)
 .debug_str     0x0000041d       0x34 ../test_monspoc_bsp/\libhal_bsp.a(alt_dcache_flush_all.o)
                                 0xfe (size before relaxing)
 .debug_str     0x00000451       0x34 ../test_monspoc_bsp/\libhal_bsp.a(alt_icache_flush_all.o)
                                 0xfe (size before relaxing)
 .debug_str     0x00000485       0x31 ../test_monspoc_bsp/\libhal_bsp.a(altera_nios2_irq.o)
                                 0xfb (size before relaxing)
 .debug_str     0x000004b6      0x10b c:/altera/11.1sp2/nios2eds/bin/gnu/h-i686-mingw32/bin/../lib/gcc/nios2-elf/4.1.2/mno-hw-mul\libgcc.a(lib2-divmod.o)
                                0x1b4 (size before relaxing)
 .debug_str     0x000005c1       0x37 c:/altera/11.1sp2/nios2eds/bin/gnu/h-i686-mingw32/bin/../lib/gcc/nios2-elf/4.1.2/mno-hw-mul\libgcc.a(lib2-mul.o)
                                0x175 (size before relaxing)

.debug_loc      0x00000000      0x514
 *(.debug_loc)
 .debug_loc     0x00000000       0x48 obj/default/hello_world_small.o
 .debug_loc     0x00000048       0x1f ../test_monspoc_bsp/\libhal_bsp.a(alt_load.o)
 .debug_loc     0x00000067       0x1f ../test_monspoc_bsp/\libhal_bsp.a(alt_main.o)
 .debug_loc     0x00000086      0x175 ../test_monspoc_bsp/\libhal_bsp.a(alt_printf.o)
 .debug_loc     0x000001fb       0x3d ../test_monspoc_bsp/\libhal_bsp.a(alt_putchar.o)
 .debug_loc     0x00000238       0x13 ../test_monspoc_bsp/\libhal_bsp.a(alt_usleep.o)
 .debug_loc     0x0000024b       0x32 ../test_monspoc_bsp/\libhal_bsp.a(alt_sys_init.o)
 .debug_loc     0x0000027d       0x26 ../test_monspoc_bsp/\libhal_bsp.a(altera_avalon_jtag_uart_write.o)
 .debug_loc     0x000002a3       0x50 ../test_monspoc_bsp/\libhal_bsp.a(alt_busy_sleep.o)
 .debug_loc     0x000002f3      0x1d2 c:/altera/11.1sp2/nios2eds/bin/gnu/h-i686-mingw32/bin/../lib/gcc/nios2-elf/4.1.2/mno-hw-mul\libgcc.a(lib2-divmod.o)
 .debug_loc     0x000004c5       0x4f c:/altera/11.1sp2/nios2eds/bin/gnu/h-i686-mingw32/bin/../lib/gcc/nios2-elf/4.1.2/mno-hw-mul\libgcc.a(lib2-mul.o)

.debug_macinfo
 *(.debug_macinfo)

.debug_weaknames
 *(.debug_weaknames)

.debug_funcnames
 *(.debug_funcnames)

.debug_typenames
 *(.debug_typenames)

.debug_varnames
 *(.debug_varnames)

.debug_alt_sim_info
                0x00000000       0x40
 *(.debug_alt_sim_info)
 .debug_alt_sim_info
                0x00000000       0x10 ../test_monspoc_bsp//obj/HAL/src/crt0.o
 .debug_alt_sim_info
                0x00000010       0x30 ../test_monspoc_bsp/\libhal_bsp.a(alt_busy_sleep.o)
                0x0000d000                __alt_data_end = 0xd000
                0x0000d000                PROVIDE (__alt_stack_pointer, __alt_data_end)
                0x0000861c                PROVIDE (__alt_stack_limit, __alt_stack_base)
                0x0000861c                PROVIDE (__alt_heap_start, end)
                0x0000d000                PROVIDE (__alt_heap_limit, 0xd000)
OUTPUT(test_monspoc.elf elf32-littlenios2)

.debug_ranges   0x00000000       0x20
 .debug_ranges  0x00000000       0x20 ../test_monspoc_bsp//obj/HAL/src/crt0.o
